#
# There is insufficient memory for the Java Runtime Environment to continue.
# Native memory allocation (malloc) failed to allocate 32784 bytes. Error detail: Chunk::new
# Possible reasons:
#   The system is out of physical RAM or swap space
#   This process is running with CompressedOops enabled, and the Java Heap may be blocking the growth of the native heap
# Possible solutions:
#   Reduce memory load on the system
#   Increase physical memory or swap space
#   Check if swap backing store is full
#   Decrease Java heap size (-Xmx/-Xms)
#   Decrease number of Java threads
#   Decrease Java thread stack sizes (-Xss)
#   Set larger code cache with -XX:ReservedCodeCacheSize=
#   JVM is running with Unscaled Compressed Oops mode in which the Java heap is
#     placed in the first 4GB address space. The Java Heap base address is the
#     maximum limit for the native heap growth. Please use -XX:HeapBaseMinAddress
#     to set the Java Heap base and to place the Java Heap above 4GB virtual address.
# This output file may be truncated or incomplete.
#
#  Out of Memory Error (arena.cpp:168), pid=25364, tid=16060
#
# JRE version: OpenJDK Runtime Environment Temurin-21.0.10+7 (21.0.10+7) (build 21.0.10+7-LTS)
# Java VM: OpenJDK 64-Bit Server VM Temurin-21.0.10+7 (21.0.10+7-LTS, mixed mode, sharing, tiered, compressed oops, compressed class ptrs, parallel gc, windows-amd64)
# No core dump will be written. Minidumps are not enabled by default on client versions of Windows
#

---------------  S U M M A R Y ------------

Command Line: --add-modules=ALL-SYSTEM --add-opens=java.base/java.util=ALL-UNNAMED --add-opens=java.base/java.lang=ALL-UNNAMED --add-opens=java.base/sun.nio.fs=ALL-UNNAMED -Declipse.application=org.eclipse.jdt.ls.core.id1 -Dosgi.bundles.defaultStartLevel=4 -Declipse.product=org.eclipse.jdt.ls.core.product -Djava.import.generatesMetadataFilesAtProjectRoot=false -DDetectVMInstallationsJob.disabled=true -Dfile.encoding=utf8 -XX:+UseParallelGC -XX:GCTimeRatio=4 -XX:AdaptiveSizePolicyWeight=90 -Dsun.zip.disableMemoryMapping=true -Xmx2G -Xms100m -Xlog:disable -javaagent:c:\Users\acer\.vscode\extensions\redhat.java-1.54.0-win32-x64\lombok\lombok-1.18.39-4050.jar c:\Users\acer\.vscode\extensions\redhat.java-1.54.0-win32-x64\server\plugins\org.eclipse.equinox.launcher_1.7.100.v20251111-0406.jar -configuration c:\Users\acer\AppData\Roaming\Code\User\globalStorage\redhat.java\1.54.0\config_ss_win -data c:\Users\acer\AppData\Roaming\Code\User\workspaceStorage\c728a3dc7184a4f54b203674d87dd049\redhat.java\ss_ws --pipe=\\.\pipe\lsp-87c2bbb57ff312c72bdd3329d50a394d-sock

Host: Intel(R) Core(TM) i3-N305, 8 cores, 7G,  Windows 11 , 64 bit Build 26100 (10.0.26100.8328)
Time: Tue Jun 23 11:38:17 2026 India Standard Time elapsed time: 23.879932 seconds (0d 0h 0m 23s)

---------------  T H R E A D  ---------------

Current thread (0x000001f2f97bd490):  JavaThread "C2 CompilerThread1" daemon [_thread_in_native, id=16060, stack(0x0000006c3f300000,0x0000006c3f400000) (1024K)]


Current CompileTask:
C2:23880 1964 %     4       java.io.DataInputStream::readUTF @ 92 (501 bytes)

Stack: [0x0000006c3f300000,0x0000006c3f400000]
Native frames: (J=compiled Java code, j=interpreted, Vv=VM code, C=native code)
V  [jvm.dll+0x6d7a39]
V  [jvm.dll+0x8b4b26]
V  [jvm.dll+0x8b70de]
V  [jvm.dll+0x8b77c3]
V  [jvm.dll+0x284346]
V  [jvm.dll+0xc66ed]
V  [jvm.dll+0xc6c31]
V  [jvm.dll+0xc6815]
V  [jvm.dll+0x6fec51]
V  [jvm.dll+0x1cf7e3]
V  [jvm.dll+0x6ffa30]
V  [jvm.dll+0x5ee590]
V  [jvm.dll+0x5f0916]
V  [jvm.dll+0x5f1a4f]
V  [jvm.dll+0x5f61e4]
V  [jvm.dll+0x5f81d4]
V  [jvm.dll+0x5f7c5d]
V  [jvm.dll+0x5f7b40]
V  [jvm.dll+0x5f7cc0]
V  [jvm.dll+0x5ff042]
V  [jvm.dll+0x255b17]
V  [jvm.dll+0x255edd]
V  [jvm.dll+0x24e500]
V  [jvm.dll+0x24ba42]
V  [jvm.dll+0x1cb34e]
V  [jvm.dll+0x25b85d]
V  [jvm.dll+0x259dea]
V  [jvm.dll+0x3f857e]
V  [jvm.dll+0x85f59d]
V  [jvm.dll+0x6d626d]
C  [ucrtbase.dll+0x37b0]
C  [KERNEL32.DLL+0x2e957]
C  [ntdll.dll+0x427c]


---------------  P R O C E S S  ---------------

Threads class SMR info:
_java_thread_list=0x000001f2fe811b50, length=17, elements={
0x000001f2e11bc8d0, 0x000001f2f7c30900, 0x000001f2f7c32320, 0x000001f2f7c386c0,
0x000001f2f7c38d30, 0x000001f2f7c393a0, 0x000001f2f7c3ba20, 0x000001f2f7c3c470,
0x000001f2f952bb60, 0x000001f2f96d6de0, 0x000001f2fe097a60, 0x000001f2f97e1410,
0x000001f2f97df340, 0x000001f2f97e0d80, 0x000001f2f97df9d0, 0x000001f2f97bd490,
0x000001f2fe565c50
}

Java Threads: ( => current thread )
  0x000001f2e11bc8d0 JavaThread "main"                              [_thread_blocked, id=1764, stack(0x0000006c3da00000,0x0000006c3db00000) (1024K)]
  0x000001f2f7c30900 JavaThread "Reference Handler"          daemon [_thread_blocked, id=10612, stack(0x0000006c3de00000,0x0000006c3df00000) (1024K)]
  0x000001f2f7c32320 JavaThread "Finalizer"                  daemon [_thread_blocked, id=19152, stack(0x0000006c3df00000,0x0000006c3e000000) (1024K)]
  0x000001f2f7c386c0 JavaThread "Signal Dispatcher"          daemon [_thread_blocked, id=11048, stack(0x0000006c3e000000,0x0000006c3e100000) (1024K)]
  0x000001f2f7c38d30 JavaThread "Attach Listener"            daemon [_thread_blocked, id=10344, stack(0x0000006c3e100000,0x0000006c3e200000) (1024K)]
  0x000001f2f7c393a0 JavaThread "Service Thread"             daemon [_thread_blocked, id=12492, stack(0x0000006c3e200000,0x0000006c3e300000) (1024K)]
  0x000001f2f7c3ba20 JavaThread "Monitor Deflation Thread"   daemon [_thread_blocked, id=3616, stack(0x0000006c3e300000,0x0000006c3e400000) (1024K)]
  0x000001f2f7c3c470 JavaThread "C2 CompilerThread0"         daemon [_thread_blocked, id=25220, stack(0x0000006c3e400000,0x0000006c3e500000) (1024K)]
  0x000001f2f952bb60 JavaThread "C1 CompilerThread0"         daemon [_thread_in_native, id=6120, stack(0x0000006c3e500000,0x0000006c3e600000) (1024K)]
  0x000001f2f96d6de0 JavaThread "Common-Cleaner"             daemon [_thread_blocked, id=26892, stack(0x0000006c3e600000,0x0000006c3e700000) (1024K)]
  0x000001f2fe097a60 JavaThread "Notification Thread"        daemon [_thread_blocked, id=764, stack(0x0000006c3e800000,0x0000006c3e900000) (1024K)]
  0x000001f2f97e1410 JavaThread "Active Thread: Equinox Container: 9f2d2722-ed43-4b8d-bb65-6c939f110e79"        [_thread_blocked, id=12756, stack(0x0000006c3ef00000,0x0000006c3f000000) (1024K)]
  0x000001f2f97df340 JavaThread "Framework Event Dispatcher: Equinox Container: 9f2d2722-ed43-4b8d-bb65-6c939f110e79" daemon [_thread_blocked, id=6916, stack(0x0000006c3e700000,0x0000006c3e800000) (1024K)]
  0x000001f2f97e0d80 JavaThread "Start Level: Equinox Container: 9f2d2722-ed43-4b8d-bb65-6c939f110e79" daemon [_thread_in_vm, id=17612, stack(0x0000006c3f000000,0x0000006c3f100000) (1024K)]
  0x000001f2f97df9d0 JavaThread "SCR Component Actor"        daemon [_thread_blocked, id=28540, stack(0x0000006c3f200000,0x0000006c3f300000) (1024K)]
=>0x000001f2f97bd490 JavaThread "C2 CompilerThread1"         daemon [_thread_in_native, id=16060, stack(0x0000006c3f300000,0x0000006c3f400000) (1024K)]
  0x000001f2fe565c50 JavaThread "C2 CompilerThread2"         daemon [_thread_blocked, id=23668, stack(0x0000006c3f400000,0x0000006c3f500000) (1024K)]
Total: 17

Other Threads:
  0x000001f2e127e840 VMThread "VM Thread"                           [id=9544, stack(0x0000006c3dd00000,0x0000006c3de00000) (1024K)]
  0x000001f2f7b4ca00 WatcherThread "VM Periodic Task Thread"        [id=19300, stack(0x0000006c3dc00000,0x0000006c3dd00000) (1024K)]
  0x000001f2e11da030 WorkerThread "GC Thread#0"                     [id=26196, stack(0x0000006c3db00000,0x0000006c3dc00000) (1024K)]
  0x000001f2fe730140 WorkerThread "GC Thread#1"                     [id=12400, stack(0x0000006c3e900000,0x0000006c3ea00000) (1024K)]
  0x000001f2fe730c50 WorkerThread "GC Thread#2"                     [id=28220, stack(0x0000006c3ea00000,0x0000006c3eb00000) (1024K)]
  0x000001f2fe72f280 WorkerThread "GC Thread#3"                     [id=21440, stack(0x0000006c3eb00000,0x0000006c3ec00000) (1024K)]
  0x000001f2fe72fd90 WorkerThread "GC Thread#4"                     [id=8040, stack(0x0000006c3ec00000,0x0000006c3ed00000) (1024K)]
  0x000001f2fe7308a0 WorkerThread "GC Thread#5"                     [id=24456, stack(0x0000006c3ed00000,0x0000006c3ee00000) (1024K)]
  0x000001f2fe72f630 WorkerThread "GC Thread#6"                     [id=6504, stack(0x0000006c3ee00000,0x0000006c3ef00000) (1024K)]
  0x000001f2fe7304f0 WorkerThread "GC Thread#7"                     [id=26672, stack(0x0000006c3f100000,0x0000006c3f200000) (1024K)]
Total: 10

Threads with active compile tasks:
C1 CompilerThread0  26949 1989       3       org.eclipse.osgi.internal.loader.classpath.ClasspathManager::findLocalClassImpl (55 bytes)
C2 CompilerThread1  26949 1964 %     4       java.io.DataInputStream::readUTF @ 92 (501 bytes)
Total: 2

VM state: not at safepoint (normal execution)

VM Mutex/Monitor currently owned by a thread: None

Heap address: 0x0000000080000000, size: 2048 MB, Compressed Oops mode: 32-bit

CDS archive(s) mapped at: [0x000001f280000000-0x000001f280ba0000-0x000001f280ba0000), size 12189696, SharedBaseAddress: 0x000001f280000000, ArchiveRelocationMode: 1.
Compressed class space mapped at: 0x000001f281000000-0x000001f2c1000000, reserved size: 1073741824
Narrow klass base: 0x000001f280000000, Narrow klass shift: 0, Narrow klass range: 0x100000000

GC Precious Log:
 CardTable entry size: 512
 CPUs: 8 total, 8 available
 Memory: 7931M
 Large Page Support: Disabled
 NUMA Support: Disabled
 Compressed Oops: Enabled (32-bit)
 Alignments: Space 512K, Generation 512K, Heap 2M
 Heap Min Capacity: 100M
 Heap Initial Capacity: 100M
 Heap Max Capacity: 2G
 Pre-touch: Disabled
 Parallel Workers: 8

Heap:
 PSYoungGen      total 29696K, used 17864K [0x00000000d5580000, 0x00000000d7680000, 0x0000000100000000)
  eden space 25600K, 53% used [0x00000000d5580000,0x00000000d62f3378,0x00000000d6e80000)
  from space 4096K, 99% used [0x00000000d7280000,0x00000000d767efe8,0x00000000d7680000)
  to   space 4096K, 0% used [0x00000000d6e80000,0x00000000d6e80000,0x00000000d7280000)
 ParOldGen       total 68608K, used 1136K [0x0000000080000000, 0x0000000084300000, 0x00000000d5580000)
  object space 68608K, 1% used [0x0000000080000000,0x000000008011c020,0x0000000084300000)
 Metaspace       used 10903K, committed 11328K, reserved 1114112K
  class space    used 1175K, committed 1344K, reserved 1048576K

Card table byte_map: [0x000001f2e0b60000,0x000001f2e0f70000] _byte_map_base: 0x000001f2e0760000

Marking Bits: (ParMarkBitMap*) 0x00007fff8d153450
 Begin Bits: [0x000001f2f3670000, 0x000001f2f5670000)
 End Bits:   [0x000001f2f5670000, 0x000001f2f7670000)

Polling page: 0x000001f2df190000

Metaspace:

Usage:
  Non-class:      9.51 MB used.
      Class:      1.15 MB used.
       Both:     10.66 MB used.

Virtual space:
  Non-class space:       64.00 MB reserved,       9.75 MB ( 15%) committed,  1 nodes.
      Class space:        1.00 GB reserved,       1.31 MB ( <1%) committed,  1 nodes.
             Both:        1.06 GB reserved,      11.06 MB (  1%) committed. 

Chunk freelists:
   Non-Class:  5.91 MB
       Class:  14.67 MB
        Both:  20.58 MB

MaxMetaspaceSize: unlimited
CompressedClassSpaceSize: 1.00 GB
Initial GC threshold: 21.00 MB
Current GC threshold: 21.00 MB
CDS: on
 - commit_granule_bytes: 65536.
 - commit_granule_words: 8192.
 - virtual_space_node_default_size: 8388608.
 - enlarge_chunks_in_place: 1.
 - use_allocation_guard: 0.


Internal statistics:

num_allocs_failed_limit: 0.
num_arena_births: 252.
num_arena_deaths: 0.
num_vsnodes_births: 2.
num_vsnodes_deaths: 0.
num_space_committed: 177.
num_space_uncommitted: 0.
num_chunks_returned_to_freelist: 0.
num_chunks_taken_from_freelist: 566.
num_chunk_merges: 0.
num_chunk_splits: 364.
num_chunks_enlarged: 243.
num_inconsistent_stats: 0.

CodeHeap 'non-profiled nmethods': size=120000Kb used=852Kb max_used=852Kb free=119147Kb
 bounds [0x000001f2ebe90000, 0x000001f2ec100000, 0x000001f2f33c0000]
CodeHeap 'profiled nmethods': size=120000Kb used=3638Kb max_used=3638Kb free=116361Kb
 bounds [0x000001f2e43c0000, 0x000001f2e4750000, 0x000001f2eb8f0000]
CodeHeap 'non-nmethods': size=5760Kb used=1224Kb max_used=1245Kb free=4535Kb
 bounds [0x000001f2eb8f0000, 0x000001f2ebb60000, 0x000001f2ebe90000]
CodeCache: size=245760Kb, used=5714Kb, max_used=5735Kb, free=240043Kb
 total_blobs=2478, nmethods=1986, adapters=399, full_count=0
Compilation: enabled, stopped_count=0, restarted_count=0

Compilation events (20 events):
Event: 19.679 Thread 0x000001f2f952bb60 1949       3       java.util.concurrent.TimeUnit::toNanos (45 bytes)
Event: 19.679 Thread 0x000001f2f952bb60 nmethod 1949 0x000001f2e4739e90 code [0x000001f2e473a040, 0x000001f2e473a290]
Event: 20.218 Thread 0x000001f2f952bb60 1950       3       java.util.concurrent.Semaphore$NonfairSync::tryAcquireShared (6 bytes)
Event: 20.218 Thread 0x000001f2f952bb60 nmethod 1950 0x000001f2e473a310 code [0x000001f2e473a4c0, 0x000001f2e473a5f8]
Event: 20.218 Thread 0x000001f2f952bb60 1951       3       java.util.concurrent.Semaphore$Sync::nonfairTryAcquireShared (27 bytes)
Event: 20.219 Thread 0x000001f2f952bb60 nmethod 1951 0x000001f2e473a690 code [0x000001f2e473a840, 0x000001f2e473aa90]
Event: 20.752 Thread 0x000001f2f952bb60 1952       3       java.io.WinNTFileSystem::normalize (143 bytes)
Event: 20.754 Thread 0x000001f2f952bb60 nmethod 1952 0x000001f2e473ab90 code [0x000001f2e473ae20, 0x000001f2e473b880]
Event: 20.807 Thread 0x000001f2f952bb60 1954       3       java.lang.invoke.InnerClassLambdaMetafactory::getOpcodeOffset (38 bytes)
Event: 20.807 Thread 0x000001f2f952bb60 nmethod 1954 0x000001f2e473bc90 code [0x000001f2e473be60, 0x000001f2e473c118]
Event: 20.811 Thread 0x000001f2f952bb60 1955       3       sun.invoke.util.Wrapper::isDoubleWord (15 bytes)
Event: 20.811 Thread 0x000001f2f952bb60 nmethod 1955 0x000001f2e473c210 code [0x000001f2e473c3a0, 0x000001f2e473c508]
Event: 20.817 Thread 0x000001f2f7c3c470 1957       4       java.lang.Object::equals (11 bytes)
Event: 20.818 Thread 0x000001f2f7c3c470 nmethod 1957 0x000001f2ebf5d890 code [0x000001f2ebf5da20, 0x000001f2ebf5dab8]
Event: 20.821 Thread 0x000001f2f7c3c470 1959       4       java.io.DataInputStream::readFully (59 bytes)
Event: 20.826 Thread 0x000001f2f952bb60 1966   !   3       org.eclipse.osgi.container.ModuleDatabase::getWiring (31 bytes)
Event: 20.827 Thread 0x000001f2f952bb60 nmethod 1966 0x000001f2e473c590 code [0x000001f2e473c800, 0x000001f2e473d170]
Event: 20.828 Thread 0x000001f2f97bd490 1964 %     4       java.io.DataInputStream::readUTF @ 92 (501 bytes)
Event: 20.828 Thread 0x000001f2fe565c50 1958   !   4       java.io.BufferedInputStream::read (69 bytes)
Event: 21.851 Thread 0x000001f2f952bb60 1967       3       java.util.concurrent.locks.AbstractQueuedSynchronizer::acquireShared (20 bytes)

GC Heap History (4 events):
Event: 1.731 GC heap before
{Heap before GC invocations=1 (full 0):
 PSYoungGen      total 29696K, used 25600K [0x00000000d5580000, 0x00000000d7680000, 0x0000000100000000)
  eden space 25600K, 100% used [0x00000000d5580000,0x00000000d6e80000,0x00000000d6e80000)
  from space 4096K, 0% used [0x00000000d7280000,0x00000000d7280000,0x00000000d7680000)
  to   space 4096K, 0% used [0x00000000d6e80000,0x00000000d6e80000,0x00000000d7280000)
 ParOldGen       total 68608K, used 0K [0x0000000080000000, 0x0000000084300000, 0x00000000d5580000)
  object space 68608K, 0% used [0x0000000080000000,0x0000000080000000,0x0000000084300000)
 Metaspace       used 4357K, committed 4608K, reserved 1114112K
  class space    used 474K, committed 576K, reserved 1048576K
}
Event: 1.739 GC heap after
{Heap after GC invocations=1 (full 0):
 PSYoungGen      total 29696K, used 3287K [0x00000000d5580000, 0x00000000d7680000, 0x0000000100000000)
  eden space 25600K, 0% used [0x00000000d5580000,0x00000000d5580000,0x00000000d6e80000)
  from space 4096K, 80% used [0x00000000d6e80000,0x00000000d71b5e88,0x00000000d7280000)
  to   space 4096K, 0% used [0x00000000d7280000,0x00000000d7280000,0x00000000d7680000)
 ParOldGen       total 68608K, used 16K [0x0000000080000000, 0x0000000084300000, 0x00000000d5580000)
  object space 68608K, 0% used [0x0000000080000000,0x0000000080004000,0x0000000084300000)
 Metaspace       used 4357K, committed 4608K, reserved 1114112K
  class space    used 474K, committed 576K, reserved 1048576K
}
Event: 17.114 GC heap before
{Heap before GC invocations=2 (full 0):
 PSYoungGen      total 29696K, used 28887K [0x00000000d5580000, 0x00000000d7680000, 0x0000000100000000)
  eden space 25600K, 100% used [0x00000000d5580000,0x00000000d6e80000,0x00000000d6e80000)
  from space 4096K, 80% used [0x00000000d6e80000,0x00000000d71b5e88,0x00000000d7280000)
  to   space 4096K, 0% used [0x00000000d7280000,0x00000000d7280000,0x00000000d7680000)
 ParOldGen       total 68608K, used 16K [0x0000000080000000, 0x0000000084300000, 0x00000000d5580000)
  object space 68608K, 0% used [0x0000000080000000,0x0000000080004000,0x0000000084300000)
 Metaspace       used 8147K, committed 8448K, reserved 1114112K
  class space    used 863K, committed 960K, reserved 1048576K
}
Event: 17.123 GC heap after
{Heap after GC invocations=2 (full 0):
 PSYoungGen      total 29696K, used 4091K [0x00000000d5580000, 0x00000000d7680000, 0x0000000100000000)
  eden space 25600K, 0% used [0x00000000d5580000,0x00000000d5580000,0x00000000d6e80000)
  from space 4096K, 99% used [0x00000000d7280000,0x00000000d767efe8,0x00000000d7680000)
  to   space 4096K, 0% used [0x00000000d6e80000,0x00000000d6e80000,0x00000000d7280000)
 ParOldGen       total 68608K, used 1136K [0x0000000080000000, 0x0000000084300000, 0x00000000d5580000)
  object space 68608K, 1% used [0x0000000080000000,0x000000008011c020,0x0000000084300000)
 Metaspace       used 8147K, committed 8448K, reserved 1114112K
  class space    used 863K, committed 960K, reserved 1048576K
}

Dll operation events (9 events):
Event: 0.216 Loaded shared library c:\Users\acer\.vscode\extensions\redhat.java-1.54.0-win32-x64\jre\21.0.10-win32-x86_64\bin\java.dll
Event: 0.333 Loaded shared library c:\Users\acer\.vscode\extensions\redhat.java-1.54.0-win32-x64\jre\21.0.10-win32-x86_64\bin\zip.dll
Event: 0.364 Loaded shared library C:\Users\acer\.vscode\extensions\redhat.java-1.54.0-win32-x64\jre\21.0.10-win32-x86_64\bin\instrument.dll
Event: 0.439 Loaded shared library C:\Users\acer\.vscode\extensions\redhat.java-1.54.0-win32-x64\jre\21.0.10-win32-x86_64\bin\net.dll
Event: 0.503 Loaded shared library C:\Users\acer\.vscode\extensions\redhat.java-1.54.0-win32-x64\jre\21.0.10-win32-x86_64\bin\nio.dll
Event: 0.510 Loaded shared library C:\Users\acer\.vscode\extensions\redhat.java-1.54.0-win32-x64\jre\21.0.10-win32-x86_64\bin\zip.dll
Event: 0.538 Loaded shared library C:\Users\acer\.vscode\extensions\redhat.java-1.54.0-win32-x64\jre\21.0.10-win32-x86_64\bin\jimage.dll
Event: 0.707 Loaded shared library c:\Users\acer\.vscode\extensions\redhat.java-1.54.0-win32-x64\jre\21.0.10-win32-x86_64\bin\verify.dll
Event: 18.376 Loaded shared library C:\Users\acer\AppData\Roaming\Code\User\globalStorage\redhat.java\1.54.0\config_ss_win\org.eclipse.equinox.launcher\org.eclipse.equinox.launcher.win32.win32.x86_64_1.3.0.v20260203-2149\eclipse_11919.dll

Deoptimization events (20 events):
Event: 17.094 Thread 0x000001f2f97e0d80 Uncommon trap: trap_request=0xffffff6e fr.pc=0x000001f2ebf02228 relative=0x0000000000000368
Event: 17.094 Thread 0x000001f2f97e0d80 Uncommon trap: reason=loop_limit_check action=maybe_recompile pc=0x000001f2ebf02228 method=java.lang.StringLatin1.indexOf([BI[BII)I @ 37 c2
Event: 17.094 Thread 0x000001f2f97e0d80 DEOPT PACKING pc=0x000001f2ebf02228 sp=0x0000006c3f0f8b60
Event: 17.094 Thread 0x000001f2f97e0d80 DEOPT UNPACKING pc=0x000001f2eb943aa2 sp=0x0000006c3f0f8ac0 mode 2
Event: 18.437 Thread 0x000001f2e11bc8d0 Uncommon trap: trap_request=0xffffff45 fr.pc=0x000001f2ebf0a560 relative=0x0000000000000040
Event: 18.437 Thread 0x000001f2e11bc8d0 Uncommon trap: reason=unstable_if action=reinterpret pc=0x000001f2ebf0a560 method=java.util.concurrent.locks.AbstractQueuedSynchronizer.signalNext(Ljava/util/concurrent/locks/AbstractQueuedSynchronizer$Node;)V @ 1 c2
Event: 18.437 Thread 0x000001f2e11bc8d0 DEOPT PACKING pc=0x000001f2ebf0a560 sp=0x0000006c3dafea10
Event: 18.437 Thread 0x000001f2e11bc8d0 DEOPT UNPACKING pc=0x000001f2eb943aa2 sp=0x0000006c3dafe9a8 mode 2
Event: 18.587 Thread 0x000001f2f97e0d80 Uncommon trap: trap_request=0xffffff45 fr.pc=0x000001f2ebf3e8a0 relative=0x00000000000009c0
Event: 18.587 Thread 0x000001f2f97e0d80 Uncommon trap: reason=unstable_if action=reinterpret pc=0x000001f2ebf3e8a0 method=java.util.concurrent.ConcurrentHashMap.putVal(Ljava/lang/Object;Ljava/lang/Object;Z)Ljava/lang/Object; @ 148 c2
Event: 18.587 Thread 0x000001f2f97e0d80 DEOPT PACKING pc=0x000001f2ebf3e8a0 sp=0x0000006c3f0f8960
Event: 18.587 Thread 0x000001f2f97e0d80 DEOPT UNPACKING pc=0x000001f2eb943aa2 sp=0x0000006c3f0f88d0 mode 2
Event: 18.604 Thread 0x000001f2f97e0d80 Uncommon trap: trap_request=0xffffff45 fr.pc=0x000001f2ebf4f870 relative=0x00000000000013f0
Event: 18.604 Thread 0x000001f2f97e0d80 Uncommon trap: reason=unstable_if action=reinterpret pc=0x000001f2ebf4f870 method=java.io.WinNTFileSystem.normalize(Ljava/lang/String;II)Ljava/lang/String; @ 100 c2
Event: 18.605 Thread 0x000001f2f97e0d80 DEOPT PACKING pc=0x000001f2ebf4f870 sp=0x0000006c3f0f8db0
Event: 18.605 Thread 0x000001f2f97e0d80 DEOPT UNPACKING pc=0x000001f2eb943aa2 sp=0x0000006c3f0f8cf0 mode 2
Event: 20.715 Thread 0x000001f2f97e0d80 Uncommon trap: trap_request=0xffffff45 fr.pc=0x000001f2ebf0af34 relative=0x0000000000000094
Event: 20.716 Thread 0x000001f2f97e0d80 Uncommon trap: reason=unstable_if action=reinterpret pc=0x000001f2ebf0af34 method=java.io.BufferedInputStream.getBufIfOpen(Z)[B @ 13 c2
Event: 20.716 Thread 0x000001f2f97e0d80 DEOPT PACKING pc=0x000001f2ebf0af34 sp=0x0000006c3f0f8690
Event: 20.716 Thread 0x000001f2f97e0d80 DEOPT UNPACKING pc=0x000001f2eb943aa2 sp=0x0000006c3f0f8610 mode 2

Classes loaded (20 events):
Event: 19.680 Loading class java/lang/CloneNotSupportedException
Event: 19.681 Loading class java/lang/CloneNotSupportedException done
Event: 20.807 Loading class java/util/stream/ReferencePipeline$5
Event: 20.808 Loading class java/util/stream/LongPipeline$StatelessOp
Event: 20.808 Loading class java/util/stream/LongPipeline
Event: 20.809 Loading class java/util/stream/LongStream
Event: 20.809 Loading class java/util/stream/LongStream done
Event: 20.810 Loading class java/util/stream/LongPipeline done
Event: 20.810 Loading class java/util/stream/LongPipeline$StatelessOp done
Event: 20.810 Loading class java/util/stream/ReferencePipeline$5 done
Event: 20.810 Loading class java/util/function/LongBinaryOperator
Event: 20.810 Loading class java/util/function/LongBinaryOperator done
Event: 20.813 Loading class java/util/stream/ReduceOps$10
Event: 20.813 Loading class java/util/stream/ReduceOps$10 done
Event: 20.813 Loading class java/util/stream/ReduceOps$8ReducingSink
Event: 20.814 Loading class java/util/stream/Sink$OfLong
Event: 20.814 Loading class java/util/stream/Sink$OfLong done
Event: 20.814 Loading class java/util/stream/ReduceOps$8ReducingSink done
Event: 20.814 Loading class java/util/stream/ReferencePipeline$5$1
Event: 20.814 Loading class java/util/stream/ReferencePipeline$5$1 done

Classes unloaded (0 events):
No events

Classes redefined (0 events):
No events

Internal exceptions (20 events):
Event: 1.743 Thread 0x000001f2e11bc8d0 Exception <a 'java/lang/ClassNotFoundException'{0x00000000d558aa50}: sun/net/www/protocol/c/Handler> (0x00000000d558aa50) 
thrown [s\src\hotspot\share\classfile\systemDictionary.cpp, line 312]
Event: 1.758 Thread 0x000001f2e11bc8d0 Exception <a 'java/io/FileNotFoundException'{0x00000000d55b2f08}> (0x00000000d55b2f08) 
thrown [s\src\hotspot\share\prims\jni.cpp, line 520]
Event: 1.830 Thread 0x000001f2e11bc8d0 Implicit null exception at 0x000001f2ebeec329 to 0x000001f2ebeecb9c
Event: 1.830 Thread 0x000001f2e11bc8d0 Implicit null exception at 0x000001f2ebef5d1a to 0x000001f2ebef5f20
Event: 1.832 Thread 0x000001f2e11bc8d0 Exception <a 'java/lang/NoSuchMethodError'{0x00000000d56e2be0}: 'void java.lang.invoke.DirectMethodHandle$Holder.invokeStatic(java.lang.Object, java.lang.Object, java.lang.Object, java.lang.Object)'> (0x00000000d56e2be0) 
thrown [s\src\hotspot\share\interpreter\linkResolver.cpp, line 773]
Event: 1.836 Thread 0x000001f2e11bc8d0 Implicit null exception at 0x000001f2ebef2c9a to 0x000001f2ebef2ea4
Event: 1.836 Thread 0x000001f2e11bc8d0 Implicit null exception at 0x000001f2ebeee73d to 0x000001f2ebeee7c1
Event: 2.123 Thread 0x000001f2e11bc8d0 Exception <a 'java/lang/NoSuchMethodError'{0x00000000d59a6620}: 'void java.lang.invoke.DirectMethodHandle$Holder.invokeSpecial(java.lang.Object, java.lang.Object, java.lang.Object)'> (0x00000000d59a6620) 
thrown [s\src\hotspot\share\interpreter\linkResolver.cpp, line 773]
Event: 2.647 Thread 0x000001f2e11bc8d0 Exception <a 'java/lang/NoSuchMethodError'{0x00000000d62c0bd8}: 'int java.lang.invoke.DirectMethodHandle$Holder.invokeVirtual(java.lang.Object, java.lang.Object)'> (0x00000000d62c0bd8) 
thrown [s\src\hotspot\share\interpreter\linkResolver.cpp, line 773]
Event: 2.767 Thread 0x000001f2e11bc8d0 Exception <a 'java/lang/NoSuchMethodError'{0x00000000d64351e0}: 'int java.lang.invoke.DirectMethodHandle$Holder.invokeStaticInit(java.lang.Object, java.lang.Object, java.lang.Object, java.lang.Object)'> (0x00000000d64351e0) 
thrown [s\src\hotspot\share\interpreter\linkResolver.cpp, line 773]
Event: 2.769 Thread 0x000001f2e11bc8d0 Exception <a 'java/lang/IncompatibleClassChangeError'{0x00000000d643d5e8}: Found class java.lang.Object, but interface was expected> (0x00000000d643d5e8) 
thrown [s\src\hotspot\share\interpreter\linkResolver.cpp, line 840]
Event: 2.771 Thread 0x000001f2e11bc8d0 Exception <a 'java/lang/NoSuchMethodError'{0x00000000d6443b98}: 'void java.lang.invoke.DirectMethodHandle$Holder.invokeStaticInit(java.lang.Object, java.lang.Object)'> (0x00000000d6443b98) 
thrown [s\src\hotspot\share\interpreter\linkResolver.cpp, line 773]
Event: 2.773 Thread 0x000001f2e11bc8d0 Exception <a 'java/lang/NoSuchMethodError'{0x00000000d644cdd0}: 'int java.lang.invoke.DirectMethodHandle$Holder.invokeStaticInit(java.lang.Object, java.lang.Object)'> (0x00000000d644cdd0) 
thrown [s\src\hotspot\share\interpreter\linkResolver.cpp, line 773]
Event: 2.945 Thread 0x000001f2e11bc8d0 Exception <a 'java/lang/NoSuchMethodError'{0x00000000d6692440}: 'java.lang.Object java.lang.invoke.DirectMethodHandle$Holder.newInvokeSpecial(java.lang.Object, int, java.lang.Object)'> (0x00000000d6692440) 
thrown [s\src\hotspot\share\interpreter\linkResolver.cpp, line 773]
Event: 3.055 Thread 0x000001f2e11bc8d0 Exception <a 'java/lang/ClassNotFoundException'{0x00000000d68a9010}: sun/net/www/protocol/plurl/Handler> (0x00000000d68a9010) 
thrown [s\src\hotspot\share\classfile\systemDictionary.cpp, line 312]
Event: 3.055 Thread 0x000001f2e11bc8d0 Exception <a 'java/lang/ClassNotFoundException'{0x00000000d68a9e90}: sun/net/www/protocol/plurl/Handler> (0x00000000d68a9e90) 
thrown [s\src\hotspot\share\classfile\systemDictionary.cpp, line 312]
Event: 17.048 Thread 0x000001f2e11bc8d0 Exception <a 'java/lang/UnsatisfiedLinkError'{0x00000000d6d22ab8}: 'void org.eclipse.equinox.launcher.JNIBridge._update_splash()'> (0x00000000d6d22ab8) 
thrown [s\src\hotspot\share\prims\nativeLookup.cpp, line 415]
Event: 17.235 Thread 0x000001f2f97e0d80 Exception <a 'java/lang/NullPointerException'{0x00000000d57c9b68}> (0x00000000d57c9b68) 
thrown [s\src\hotspot\share\interpreter\linkResolver.cpp, line 1372]
Event: 17.235 Thread 0x000001f2f97e0d80 Exception <a 'java/lang/NullPointerException'{0x00000000d57c9e48}> (0x00000000d57c9e48) 
thrown [s\src\hotspot\share\interpreter\linkResolver.cpp, line 1372]
Event: 20.806 Thread 0x000001f2f97e0d80 Exception <a 'java/lang/NoSuchMethodError'{0x00000000d613b1f8}: 'long java.lang.invoke.DirectMethodHandle$Holder.invokeSpecial(java.lang.Object, java.lang.Object)'> (0x00000000d613b1f8) 
thrown [s\src\hotspot\share\interpreter\linkResolver.cpp, line 773]

ZGC Phase Switch (0 events):
No events

VM Operations (20 events):
Event: 3.012 Executing non-safepoint VM operation: HandshakeAllThreads (Deoptimize) done
Event: 3.041 Executing non-safepoint VM operation: HandshakeAllThreads (Deoptimize)
Event: 3.041 Executing non-safepoint VM operation: HandshakeAllThreads (Deoptimize) done
Event: 4.046 Executing safepoint VM operation: Cleanup
Event: 4.046 Executing safepoint VM operation: Cleanup done
Event: 5.046 Executing safepoint VM operation: Cleanup
Event: 5.046 Executing safepoint VM operation: Cleanup done
Event: 17.114 Executing safepoint VM operation: ParallelGCFailedAllocation (Allocation Failure)
Event: 17.123 Executing safepoint VM operation: ParallelGCFailedAllocation (Allocation Failure) done
Event: 18.126 Executing safepoint VM operation: Cleanup
Event: 18.126 Executing safepoint VM operation: Cleanup done
Event: 18.516 Executing non-safepoint VM operation: HandshakeAllThreads (Deoptimize)
Event: 18.516 Executing non-safepoint VM operation: HandshakeAllThreads (Deoptimize) done
Event: 19.527 Executing safepoint VM operation: Cleanup
Event: 19.622 Executing safepoint VM operation: Cleanup done
Event: 20.626 Executing safepoint VM operation: Cleanup
Event: 20.626 Executing safepoint VM operation: Cleanup done
Event: 21.641 Executing safepoint VM operation: Cleanup
Event: 21.641 Executing safepoint VM operation: Cleanup done
Event: 22.656 Executing safepoint VM operation: Cleanup

Memory protections (0 events):
No events

Nmethod flushes (0 events):
No events

Events (20 events):
Event: 0.267 Thread 0x000001f2e11bc8d0 Thread added: 0x000001f2f7c3c470
Event: 0.273 Thread 0x000001f2e11bc8d0 Thread added: 0x000001f2f952bb60
Event: 0.366 Thread 0x000001f2e11bc8d0 Thread added: 0x000001f2f96d6de0
Event: 0.638 Thread 0x000001f2f952bb60 Thread added: 0x000001f2f975b610
Event: 0.887 Thread 0x000001f2e11bc8d0 Thread added: 0x000001f2fe097a60
Event: 1.042 Thread 0x000001f2f975b610 Thread added: 0x000001f2fe050ad0
Event: 1.470 Thread 0x000001f2fe050ad0 Thread exited: 0x000001f2fe050ad0
Event: 1.977 Thread 0x000001f2f975b610 Thread exited: 0x000001f2f975b610
Event: 2.240 Thread 0x000001f2f952bb60 Thread added: 0x000001f2fe88c510
Event: 2.260 Thread 0x000001f2f952bb60 Thread added: 0x000001f2fe88cbc0
Event: 2.762 Thread 0x000001f2fe88cbc0 Thread exited: 0x000001f2fe88cbc0
Event: 2.814 Thread 0x000001f2e11bc8d0 Thread added: 0x000001f2f97e1410
Event: 3.051 Thread 0x000001f2fe88c510 Thread exited: 0x000001f2fe88c510
Event: 3.134 Thread 0x000001f2f952bb60 Thread added: 0x000001f2fe6953e0
Event: 3.372 Thread 0x000001f2fe6953e0 Thread exited: 0x000001f2fe6953e0
Event: 17.023 Thread 0x000001f2e11bc8d0 Thread added: 0x000001f2f97df340
Event: 17.042 Thread 0x000001f2e11bc8d0 Thread added: 0x000001f2f97e0d80
Event: 18.481 Thread 0x000001f2f97e0d80 Thread added: 0x000001f2f97df9d0
Event: 20.827 Thread 0x000001f2f952bb60 Thread added: 0x000001f2f97bd490
Event: 20.828 Thread 0x000001f2f952bb60 Thread added: 0x000001f2fe565c50


Dynamic libraries:
0x00007ff6d7410000 - 0x00007ff6d741e000 	c:\Users\acer\.vscode\extensions\redhat.java-1.54.0-win32-x64\jre\21.0.10-win32-x86_64\bin\java.exe
0x00007ff843580000 - 0x00007ff8437e7000 	C:\Windows\SYSTEM32\ntdll.dll
0x00007ff841960000 - 0x00007ff841a29000 	C:\Windows\System32\KERNEL32.DLL
0x00007ff840ca0000 - 0x00007ff841097000 	C:\Windows\System32\KERNELBASE.dll
0x00007ff840aa0000 - 0x00007ff840beb000 	C:\Windows\System32\ucrtbase.dll
0x00007ffffd530000 - 0x00007ffffd548000 	c:\Users\acer\.vscode\extensions\redhat.java-1.54.0-win32-x64\jre\21.0.10-win32-x86_64\bin\jli.dll
0x00007ff842000000 - 0x00007ff8421c6000 	C:\Windows\System32\USER32.dll
0x00007ff841150000 - 0x00007ff841177000 	C:\Windows\System32\win32u.dll
0x00007ff843510000 - 0x00007ff84353b000 	C:\Windows\System32\GDI32.dll
0x00007ff83ffb0000 - 0x00007ff8400dc000 	C:\Windows\System32\gdi32full.dll
0x00007ff840bf0000 - 0x00007ff840c93000 	C:\Windows\System32\msvcp_win.dll
0x00007ffffd2d0000 - 0x00007ffffd2ee000 	c:\Users\acer\.vscode\extensions\redhat.java-1.54.0-win32-x64\jre\21.0.10-win32-x86_64\bin\VCRUNTIME140.dll
0x00007ff823340000 - 0x00007ff8235d2000 	C:\Windows\WinSxS\amd64_microsoft.windows.common-controls_6595b64144ccf1df_6.0.26100.8457_none_3e0b2faee331e92d\COMCTL32.dll
0x00007ff8424a0000 - 0x00007ff842549000 	C:\Windows\System32\msvcrt.dll
0x00007ff842900000 - 0x00007ff842932000 	C:\Windows\System32\IMM32.DLL
0x00007ff82c960000 - 0x00007ff82c96c000 	c:\Users\acer\.vscode\extensions\redhat.java-1.54.0-win32-x64\jre\21.0.10-win32-x86_64\bin\vcruntime140_1.dll
0x00007fffeb970000 - 0x00007fffeb9fd000 	c:\Users\acer\.vscode\extensions\redhat.java-1.54.0-win32-x64\jre\21.0.10-win32-x86_64\bin\msvcp140.dll
0x00007fff8c490000 - 0x00007fff8d231000 	c:\Users\acer\.vscode\extensions\redhat.java-1.54.0-win32-x64\jre\21.0.10-win32-x86_64\bin\server\jvm.dll
0x00007ff841820000 - 0x00007ff8418d6000 	C:\Windows\System32\ADVAPI32.dll
0x00007ff8430d0000 - 0x00007ff843177000 	C:\Windows\System32\sechost.dll
0x00007ff841a50000 - 0x00007ff841b68000 	C:\Windows\System32\RPCRT4.dll
0x00007ff842550000 - 0x00007ff8425d0000 	C:\Windows\System32\WS2_32.dll
0x00007ff83fe10000 - 0x00007ff83fe6e000 	C:\Windows\SYSTEM32\POWRPROF.dll
0x00007ff837e10000 - 0x00007ff837e46000 	C:\Windows\SYSTEM32\WINMM.dll
0x00007ff8207c0000 - 0x00007ff8207cb000 	C:\Windows\SYSTEM32\VERSION.dll
0x00007ff83fdf0000 - 0x00007ff83fe04000 	C:\Windows\SYSTEM32\UMPDC.dll
0x00007ff83ed40000 - 0x00007ff83ed5b000 	C:\Windows\SYSTEM32\kernel.appcore.dll
0x00007ff82a970000 - 0x00007ff82a97a000 	c:\Users\acer\.vscode\extensions\redhat.java-1.54.0-win32-x64\jre\21.0.10-win32-x86_64\bin\jimage.dll
0x00007ff83d960000 - 0x00007ff83dba2000 	C:\Windows\SYSTEM32\DBGHELP.DLL
0x00007ff843180000 - 0x00007ff843503000 	C:\Windows\System32\combase.dll
0x00007ff8425e0000 - 0x00007ff8426b9000 	C:\Windows\System32\OLEAUT32.dll
0x00007ff81bb70000 - 0x00007ff81bbab000 	C:\Windows\SYSTEM32\dbgcore.DLL
0x00007ff8410a0000 - 0x00007ff841148000 	C:\Windows\System32\bcryptPrimitives.dll
0x00007ff829d20000 - 0x00007ff829d2f000 	c:\Users\acer\.vscode\extensions\redhat.java-1.54.0-win32-x64\jre\21.0.10-win32-x86_64\bin\instrument.dll
0x00007ffffd2b0000 - 0x00007ffffd2d0000 	c:\Users\acer\.vscode\extensions\redhat.java-1.54.0-win32-x64\jre\21.0.10-win32-x86_64\bin\java.dll
0x00007ff842950000 - 0x00007ff8430be000 	C:\Windows\System32\SHELL32.dll
0x00007ff8400e0000 - 0x00007ff84094c000 	C:\Windows\System32\windows.storage.dll
0x00007ff842740000 - 0x00007ff842836000 	C:\Windows\System32\SHCORE.dll
0x00007ff8426c0000 - 0x00007ff842726000 	C:\Windows\System32\shlwapi.dll
0x00007ff83fed0000 - 0x00007ff83fef9000 	C:\Windows\SYSTEM32\profapi.dll
0x00007ffffd180000 - 0x00007ffffd198000 	c:\Users\acer\.vscode\extensions\redhat.java-1.54.0-win32-x64\jre\21.0.10-win32-x86_64\bin\zip.dll
0x00007ff829c80000 - 0x00007ff829c90000 	C:\Users\acer\.vscode\extensions\redhat.java-1.54.0-win32-x64\jre\21.0.10-win32-x86_64\bin\net.dll
0x00007ff82e000000 - 0x00007ff82e129000 	C:\Windows\SYSTEM32\WINHTTP.dll
0x00007ff83f2b0000 - 0x00007ff83f31c000 	C:\Windows\system32\mswsock.dll
0x00007ffffc2d0000 - 0x00007ffffc2e6000 	C:\Users\acer\.vscode\extensions\redhat.java-1.54.0-win32-x64\jre\21.0.10-win32-x86_64\bin\nio.dll
0x00007ff829c00000 - 0x00007ff829c10000 	c:\Users\acer\.vscode\extensions\redhat.java-1.54.0-win32-x64\jre\21.0.10-win32-x86_64\bin\verify.dll
0x00007fffeb700000 - 0x00007fffeb745000 	C:\Users\acer\AppData\Roaming\Code\User\globalStorage\redhat.java\1.54.0\config_ss_win\org.eclipse.equinox.launcher\org.eclipse.equinox.launcher.win32.win32.x86_64_1.3.0.v20260203-2149\eclipse_11919.dll
0x00007ff8421e0000 - 0x00007ff842377000 	C:\Windows\System32\ole32.dll

JVMTI agents:
c:\Users\acer\.vscode\extensions\redhat.java-1.54.0-win32-x64\lombok\lombok-1.18.39-4050.jar path:c:\Users\acer\.vscode\extensions\redhat.java-1.54.0-win32-x64\jre\21.0.10-win32-x86_64\bin\instrument.dll, loaded, initialized, instrumentlib options:none

dbghelp: loaded successfully - version: 4.0.5 - missing functions: none
symbol engine: initialized successfully - sym options: 0x614 - pdb path: .;c:\Users\acer\.vscode\extensions\redhat.java-1.54.0-win32-x64\jre\21.0.10-win32-x86_64\bin;C:\Windows\SYSTEM32;C:\Windows\WinSxS\amd64_microsoft.windows.common-controls_6595b64144ccf1df_6.0.26100.8457_none_3e0b2faee331e92d;c:\Users\acer\.vscode\extensions\redhat.java-1.54.0-win32-x64\jre\21.0.10-win32-x86_64\bin\server;C:\Users\acer\AppData\Roaming\Code\User\globalStorage\redhat.java\1.54.0\config_ss_win\org.eclipse.equinox.launcher\org.eclipse.equinox.launcher.win32.win32.x86_64_1.3.0.v20260203-2149

VM Arguments:
jvm_args: --add-modules=ALL-SYSTEM --add-opens=java.base/java.util=ALL-UNNAMED --add-opens=java.base/java.lang=ALL-UNNAMED --add-opens=java.base/sun.nio.fs=ALL-UNNAMED -Declipse.application=org.eclipse.jdt.ls.core.id1 -Dosgi.bundles.defaultStartLevel=4 -Declipse.product=org.eclipse.jdt.ls.core.product -Djava.import.generatesMetadataFilesAtProjectRoot=false -DDetectVMInstallationsJob.disabled=true -Dfile.encoding=utf8 -XX:+UseParallelGC -XX:GCTimeRatio=4 -XX:AdaptiveSizePolicyWeight=90 -Dsun.zip.disableMemoryMapping=true -Xmx2G -Xms100m -Xlog:disable -javaagent:c:\Users\acer\.vscode\extensions\redhat.java-1.54.0-win32-x64\lombok\lombok-1.18.39-4050.jar 
java_command: c:\Users\acer\.vscode\extensions\redhat.java-1.54.0-win32-x64\server\plugins\org.eclipse.equinox.launcher_1.7.100.v20251111-0406.jar -configuration c:\Users\acer\AppData\Roaming\Code\User\globalStorage\redhat.java\1.54.0\config_ss_win -data c:\Users\acer\AppData\Roaming\Code\User\workspaceStorage\c728a3dc7184a4f54b203674d87dd049\redhat.java\ss_ws --pipe=\\.\pipe\lsp-87c2bbb57ff312c72bdd3329d50a394d-sock
java_class_path (initial): c:\Users\acer\.vscode\extensions\redhat.java-1.54.0-win32-x64\server\plugins\org.eclipse.equinox.launcher_1.7.100.v20251111-0406.jar
Launcher Type: SUN_STANDARD

[Global flags]
    uintx AdaptiveSizePolicyWeight                 = 90                                        {product} {command line}
     intx CICompilerCount                          = 4                                         {product} {ergonomic}
    uintx GCTimeRatio                              = 4                                         {product} {command line}
   size_t InitialHeapSize                          = 104857600                                 {product} {command line}
   size_t MaxHeapSize                              = 2147483648                                {product} {command line}
   size_t MaxNewSize                               = 715653120                                 {product} {ergonomic}
   size_t MinHeapDeltaBytes                        = 524288                                    {product} {ergonomic}
   size_t MinHeapSize                              = 104857600                                 {product} {command line}
   size_t NewSize                                  = 34603008                                  {product} {ergonomic}
    uintx NonNMethodCodeHeapSize                   = 5839372                                {pd product} {ergonomic}
    uintx NonProfiledCodeHeapSize                  = 122909434                              {pd product} {ergonomic}
   size_t OldSize                                  = 70254592                                  {product} {ergonomic}
    uintx ProfiledCodeHeapSize                     = 122909434                              {pd product} {ergonomic}
    uintx ReservedCodeCacheSize                    = 251658240                              {pd product} {ergonomic}
     bool SegmentedCodeCache                       = true                                      {product} {ergonomic}
   size_t SoftMaxHeapSize                          = 2147483648                             {manageable} {ergonomic}
     bool UseCompressedOops                        = true                           {product lp64_product} {ergonomic}
     bool UseLargePagesIndividualAllocation        = false                                  {pd product} {ergonomic}
     bool UseParallelGC                            = true                                      {product} {command line}

Logging:
Log output configuration:
 #0: stdout all=off uptime,level,tags foldmultilines=false
 #1: stderr all=off uptime,level,tags foldmultilines=false

Release file:
JAVA_VERSION="21.0.10" 
MODULES="java.base java.compiler java.datatransfer java.xml java.prefs java.desktop java.instrument java.logging java.management java.security.sasl java.naming java.rmi java.management.rmi java.net.http java.scripting java.security.jgss java.transaction.xa java.sql java.sql.rowset java.xml.crypto java.se java.smartcardio jdk.accessibility jdk.internal.jvmstat jdk.attach jdk.charsets jdk.internal.opt jdk.zipfs jdk.compiler jdk.crypto.ec jdk.crypto.cryptoki jdk.crypto.mscapi jdk.dynalink jdk.internal.ed jdk.editpad jdk.hotspot.agent jdk.httpserver jdk.internal.le jdk.internal.vm.ci jdk.internal.vm.compiler jdk.internal.vm.compiler.management jdk.jartool jdk.javadoc jdk.jcmd jdk.management jdk.management.agent jdk.jconsole jdk.jdeps jdk.jdwp.agent jdk.jdi jdk.jfr jdk.jshell jdk.jsobject jdk.jstatd jdk.localedata jdk.management.jfr jdk.naming.dns jdk.naming.rmi jdk.net jdk.nio.mapmode jdk.random jdk.sctp jdk.security.auth jdk.security.jgss jdk.unsupported jdk.unsupported.desktop jdk.xml.dom" 

Environment Variables:
JAVA_HOME=D:\program files\java\jdk-17
PATH=D:\program files\java\jdk-17;C:\Windows\system32;C:\Windows;C:\Windows\System32\Wbem;C:\Windows\System32\WindowsPowerShell\v1.0\;C:\Windows\System32\OpenSSH\;C:\Program Files\dotnet\;D:\Git\cmd;C:\ProgramData\chocolatey\bin;C:\Program Files\nodejs\;D:\program files\java\jdk-17\bin;C:\Program Files\apache-maven-3.9.16-bin\apache-maven-3.9.16\bin;C:\Program Files\MySQL\MySQL Shell 8.0\bin\;C:\Users\acer\AppData\Local\Microsoft\WindowsApps;D:\Microsoft VS Code\bin;C:\Users\acer\AppData\Local\Python\bin;C:\Users\acer\AppData\Roaming\npm;C:\Users\acer\AppData\Local\Programs\Antigravity\bin;C:\Program Files\JetBrains\IntelliJ IDEA 2026.1.2\bin;C:\Program Files\apache-maven-3.9.16-bin\apache-maven-3.9.16\bin;
USERNAME=acer
OS=Windows_NT
PROCESSOR_IDENTIFIER=Intel64 Family 6 Model 190 Stepping 0, GenuineIntel
TMP=C:\Users\acer\AppData\Local\Temp
TEMP=C:\Users\acer\AppData\Local\Temp




Periodic native trim disabled

---------------  S Y S T E M  ---------------

OS:
 Windows 11 , 64 bit Build 26100 (10.0.26100.8328)
OS uptime: 12 days 15:25 hours
Hyper-V role detected

CPU: total 8 (initial active 8) (8 cores per cpu, 1 threads per core) family 6 model 190 stepping 0 microcode 0x11, cx8, cmov, fxsr, mmx, 3dnowpref, sse, sse2, sse3, ssse3, sse4.1, sse4.2, popcnt, lzcnt, tsc, tscinvbit, avx, avx2, aes, erms, clmul, bmi1, bmi2, adx, sha, fma, vzeroupper, clflush, clflushopt, clwb, hv, serialize, rdtscp, rdpid, fsrm, f16c, cet_ibt, cet_ss
Processor Information for the first 8 processors :
  Max Mhz: 1800, Current Mhz: 1500, Mhz Limit: 1800

Memory: 4k page, system-wide physical 7931M (667M free)
TotalPageFile size 20609M (AvailPageFile size 4M)
current process WorkingSet (physical memory assigned to process): 77M, peak: 95M
current process commit charge ("private bytes"): 245M, peak: 246M

vm_info: OpenJDK 64-Bit Server VM (21.0.10+7-LTS) for windows-amd64 JRE (21.0.10+7-LTS), built on 2026-01-20T00:00:00Z by "admin" with MS VC++ 17.12 (VS2022)

END.
